sagred@ROG-ZEPHYRUS:~$ hadoop fs -mkdir /wc_input

sagred@ROG-ZEPHYRUS:~$ hadoop fs -copyFromLocal ~/wc.txt /wc_input/wc.txt

sagred@ROG-ZEPHYRUS:~$ hadoop jar ~/wordcount.jar WordCount.WordCount /wc_input /wc_output

sagred@ROG-ZEPHYRUS:~$ cat ~/wordcount.jar

sagred@ROG-ZEPHYRUS:~$ hadoop jar ~/wordcount.jar WordCount /wc_input /wc_output
2021-04-29 14:59:15,534 INFO client.DefaultNoHARMFailoverProxyProvider: Connecting to ResourceManager at /0.0.0.0:8032
2021-04-29 14:59:15,799 INFO mapreduce.JobResourceUploader: Disabling Erasure Coding for path: /tmp/hadoop-yarn/staging/sagred/.staging/job_1619685987080_0001
2021-04-29 14:59:15,999 INFO input.FileInputFormat: Total input files to process : 1
2021-04-29 14:59:16,066 INFO mapreduce.JobSubmitter: number of splits:1
2021-04-29 14:59:16,207 INFO mapreduce.JobSubmitter: Submitting tokens for job: job_1619685987080_0001
2021-04-29 14:59:16,207 INFO mapreduce.JobSubmitter: Executing with tokens: []
2021-04-29 14:59:16,352 INFO conf.Configuration: resource-types.xml not found
2021-04-29 14:59:16,352 INFO resource.ResourceUtils: Unable to find 'resource-types.xml'.
2021-04-29 14:59:16,711 INFO impl.YarnClientImpl: Submitted application application_1619685987080_0001
2021-04-29 14:59:16,736 INFO mapreduce.Job: The url to track the job: http://ROG-ZEPHYRUS.localdomain:8088/proxy/application_1619685987080_0001/
2021-04-29 14:59:16,737 INFO mapreduce.Job: Running job: job_1619685987080_0001
2021-04-29 14:59:21,845 INFO mapreduce.Job: Job job_1619685987080_0001 running in uber mode : false
2021-04-29 14:59:21,846 INFO mapreduce.Job:  map 0% reduce 0%
2021-04-29 14:59:25,923 INFO mapreduce.Job:  map 100% reduce 0%
2021-04-29 14:59:29,947 INFO mapreduce.Job:  map 100% reduce 100%
2021-04-29 14:59:29,956 INFO mapreduce.Job: Job job_1619685987080_0001 completed successfully
2021-04-29 14:59:30,017 INFO mapreduce.Job: Counters: 54
        File System Counters
                FILE: Number of bytes read=50
                FILE: Number of bytes written=527665
                FILE: Number of read operations=0
                FILE: Number of large read operations=0
                FILE: Number of write operations=0
                HDFS: Number of bytes read=147
                HDFS: Number of bytes written=28
                HDFS: Number of read operations=8
                HDFS: Number of large read operations=0
                HDFS: Number of write operations=2
                HDFS: Number of bytes read erasure-coded=0
        Job Counters
                Launched map tasks=1
                Launched reduce tasks=1
                Data-local map tasks=1
                Total time spent by all maps in occupied slots (ms)=1568
                Total time spent by all reduces in occupied slots (ms)=1660
                Total time spent by all map tasks (ms)=1568
                Total time spent by all reduce tasks (ms)=1660
                Total vcore-milliseconds taken by all map tasks=1568
                Total vcore-milliseconds taken by all reduce tasks=1660
                Total megabyte-milliseconds taken by all map tasks=1605632
                Total megabyte-milliseconds taken by all reduce tasks=1699840
        Map-Reduce Framework
                Map input records=4
                Map output records=9
                Map output bytes=80
                Map output materialized bytes=50
                Input split bytes=102
                Combine input records=9
                Combine output records=4
                Reduce input groups=4
                Reduce shuffle bytes=50
                Reduce input records=4
                Reduce output records=4
                Spilled Records=8
                Shuffled Maps =1
                Failed Shuffles=0
                Merged Map outputs=1
                GC time elapsed (ms)=23
                CPU time spent (ms)=750
                Physical memory (bytes) snapshot=504541184
                Virtual memory (bytes) snapshot=5509840896
                Total committed heap usage (bytes)=411041792
                Peak Map Physical memory (bytes)=303099904
                Peak Map Virtual memory (bytes)=2750775296
                Peak Reduce Physical memory (bytes)=201453568
                Peak Reduce Virtual memory (bytes)=2759065600
        Shuffle Errors
                BAD_ID=0
                CONNECTION=0
                IO_ERROR=0
                WRONG_LENGTH=0
                WRONG_MAP=0
                WRONG_REDUCE=0
        File Input Format Counters
                Bytes Read=45
        File Output Format Counters
                Bytes Written=28

                
sagred@ROG-ZEPHYRUS:~$ hadoop fs -cat /wc_output/part-r-00000
Bear    2
Car     3
Deer    2
River   2

sagred@ROG-ZEPHYRUS:~$ hadoop fs -ls /wc_output
Found 2 items
-rw-r--r--   1 sagred supergroup          0 2021-04-29 14:59 /wc_output/_SUCCESS
-rw-r--r--   1 sagred supergroup         28 2021-04-29 14:59 /wc_output/part-r-00000